{
  "B_gpu_vs_f64_same_basis_on_matched_RF_trials": {
    "any_subtype": {
      "n": 11124,
      "nonfinite": 0,
      "p50": 0.000020018197164700572,
      "p90": 0.0005418142934186733,
      "p99": 0.01098707301036001
    },
    "good_B_subset": {
      "n": 5012,
      "nonfinite": 0,
      "p50": 3.2265758419313022e-6,
      "p90": 0.000011146964328890796,
      "p99": 0.00001451609498046009
    },
    "with_InvalidEssential": {
      "n": 8185,
      "nonfinite": 0,
      "p50": 0.0000197020681022011,
      "p90": 0.0005238877081854258,
      "p99": 0.010452246495883232
    },
    "with_NullVectorFailure": {
      "n": 5504,
      "nonfinite": 0,
      "p50": 0.00003539341184883999,
      "p90": 0.0009352669542465656,
      "p99": 0.019859534113144978
    }
  },
  "absolute_gpu_slots": {
    "InvalidEssential": 11907,
    "NullVectorFailure": 9530
  },
  "decision": {
    "rationale": "good-B matched RecoveryFailed residue is 6759 (≥500); proceed to single-variable 3×3 recovery (do not loosen gates)",
    "stop_recovery_hack": false,
    "threshold_good_B_matched_RF": 500
  },
  "inputs": {
    "bits": "experiments/q4-verified-tol1e3-20260915.bits.json",
    "good_b_threshold": 0.000014936871013940632,
    "good_b_threshold_note": "default = no-loss B p90 from Q5 premeasure tol1e-3",
    "match_tol": 0.001,
    "n_trials": 65024,
    "stages": "experiments/q4-verified-tol1e3-20260915.stages.bin",
    "trials": "experiments/q4-verified-tol1e3-20260915.trials.json"
  },
  "kind": "offline-only",
  "matched_RecoveryFailed": {
    "InvalidEssential": 10534,
    "NullVectorFailure": 7529,
    "bad_B_InvalidEssential": 6164,
    "bad_B_NullVectorFailure": 5140,
    "bad_B_total": 11304,
    "cross_tab_subtype_x_B": {
      "InvalidEssential×bad_B": 6164,
      "InvalidEssential×good_B": 4370,
      "NullVectorFailure×bad_B": 5140,
      "NullVectorFailure×good_B": 2389
    },
    "good_B_InvalidEssential": 4370,
    "good_B_NullVectorFailure": 2389,
    "good_B_total": 6759,
    "nonfinite_B_InvalidEssential": 0,
    "nonfinite_B_NullVectorFailure": 0,
    "total": 18063
  },
  "root_classes_of_f64_real_roots": {
    "ComplexMisclassified": 4,
    "Covered": 246235,
    "Duplicate": 610,
    "GateRealAxis": 6,
    "MissingNoSlot": 10094,
    "NotDone": 10359,
    "RecoveryFailed": 18063
  },
  "round": "Q5b-offline-measure",
  "trials_with_any_matched_RecoveryFailed": {
    "bad_B": 6112,
    "good_B": 5012,
    "nonfinite_B": 0
  }
}
